Archive member included because of file (symbol)

/home/kennedn/.pebble-sdk/SDKs/current/sdk-core/pebble/basalt/lib/libpebble.a(tmpFRPTsFpebble.o)
                              src/c/main.c.17.o (app_event_loop)

Discarded input sections

 .text          0x0000000000000000        0x0 /home/kennedn/.pebble-dev/pebble-sdk-4.5-linux64/arm-cs-tools/bin/../lib/gcc/arm-none-eabi/4.7.2/thumb2/crti.o
 .bss           0x0000000000000000        0x0 /home/kennedn/.pebble-dev/pebble-sdk-4.5-linux64/arm-cs-tools/bin/../lib/gcc/arm-none-eabi/4.7.2/thumb2/crti.o
 .init          0x0000000000000000        0x4 /home/kennedn/.pebble-dev/pebble-sdk-4.5-linux64/arm-cs-tools/bin/../lib/gcc/arm-none-eabi/4.7.2/thumb2/crti.o
 .fini          0x0000000000000000        0x4 /home/kennedn/.pebble-dev/pebble-sdk-4.5-linux64/arm-cs-tools/bin/../lib/gcc/arm-none-eabi/4.7.2/thumb2/crti.o
 .text          0x0000000000000000       0xc8 /home/kennedn/.pebble-dev/pebble-sdk-4.5-linux64/arm-cs-tools/bin/../lib/gcc/arm-none-eabi/4.7.2/thumb2/crtbegin.o
 .bss           0x0000000000000000       0x1c /home/kennedn/.pebble-dev/pebble-sdk-4.5-linux64/arm-cs-tools/bin/../lib/gcc/arm-none-eabi/4.7.2/thumb2/crtbegin.o
 .init_array    0x0000000000000000        0x4 /home/kennedn/.pebble-dev/pebble-sdk-4.5-linux64/arm-cs-tools/bin/../lib/gcc/arm-none-eabi/4.7.2/thumb2/crtbegin.o
 .fini_array    0x0000000000000000        0x4 /home/kennedn/.pebble-dev/pebble-sdk-4.5-linux64/arm-cs-tools/bin/../lib/gcc/arm-none-eabi/4.7.2/thumb2/crtbegin.o
 .eh_frame      0x0000000000000000        0x0 /home/kennedn/.pebble-dev/pebble-sdk-4.5-linux64/arm-cs-tools/bin/../lib/gcc/arm-none-eabi/4.7.2/thumb2/crtbegin.o
 .jcr           0x0000000000000000        0x0 /home/kennedn/.pebble-dev/pebble-sdk-4.5-linux64/arm-cs-tools/bin/../lib/gcc/arm-none-eabi/4.7.2/thumb2/crtbegin.o
 .tm_clone_table
                0x0000000000000000        0x0 /home/kennedn/.pebble-dev/pebble-sdk-4.5-linux64/arm-cs-tools/bin/../lib/gcc/arm-none-eabi/4.7.2/thumb2/crtbegin.o
 .text          0x0000000000000000        0x0 src/c/main.c.17.o
 .bss           0x0000000000000000        0x0 src/c/main.c.17.o
 .text          0x0000000000000000        0x0 src/c/modules/comm.c.17.o
 .bss           0x0000000000000000        0x0 src/c/modules/comm.c.17.o
 .text          0x0000000000000000        0x0 src/c/modules/loading_layer.c.17.o
 .bss           0x0000000000000000        0x0 src/c/modules/loading_layer.c.17.o
 .text          0x0000000000000000        0x0 src/c/windows/main_window.c.17.o
 .bss           0x0000000000000000        0x0 src/c/windows/main_window.c.17.o
 .text          0x0000000000000000        0x0 basalt/appinfo.auto.c.17.o
 .bss           0x0000000000000000        0x0 basalt/appinfo.auto.c.17.o
 .text          0x0000000000000000        0x0 basalt/src/resource_ids.auto.c.17.o
 .bss           0x0000000000000000        0x0 basalt/src/resource_ids.auto.c.17.o
 .data.RESOURCE_ID_LOADING_ANIMATION
                0x0000000000000000        0x4 basalt/src/resource_ids.auto.c.17.o
 .text          0x0000000000000000        0x0 src/message_keys.auto.c.17.o
 .bss           0x0000000000000000        0x0 src/message_keys.auto.c.17.o
 .data.MESSAGE_KEY_AppKeyComplete
                0x0000000000000000        0x4 src/message_keys.auto.c.17.o
 .data.MESSAGE_KEY_ClayJSON
                0x0000000000000000        0x4 src/message_keys.auto.c.17.o
 .data.MESSAGE_KEY_AppKeyDataChunk
                0x0000000000000000        0x4 src/message_keys.auto.c.17.o
 .data.MESSAGE_KEY_AppKeyChunkSize
                0x0000000000000000        0x4 src/message_keys.auto.c.17.o
 .bss.MESSAGE_KEY_AppKeyIndex
                0x0000000000000000        0x4 src/message_keys.auto.c.17.o
 .data.MESSAGE_KEY_AppKeyDataLength
                0x0000000000000000        0x4 src/message_keys.auto.c.17.o
 .bss           0x0000000000000000        0x0 /home/kennedn/.pebble-sdk/SDKs/current/sdk-core/pebble/basalt/lib/libpebble.a(tmpFRPTsFpebble.o)
 .text.accel_data_service_subscribe__deprecated
                0x0000000000000000        0xc /home/kennedn/.pebble-sdk/SDKs/current/sdk-core/pebble/basalt/lib/libpebble.a(tmpFRPTsFpebble.o)
 .text.accel_data_service_unsubscribe
                0x0000000000000000        0xc /home/kennedn/.pebble-sdk/SDKs/current/sdk-core/pebble/basalt/lib/libpebble.a(tmpFRPTsFpebble.o)
 .text.accel_service_peek
                0x0000000000000000        0xc /home/kennedn/.pebble-sdk/SDKs/current/sdk-core/pebble/basalt/lib/libpebble.a(tmpFRPTsFpebble.o)
 .text.accel_service_set_samples_per_update
                0x0000000000000000        0xc /home/kennedn/.pebble-sdk/SDKs/current/sdk-core/pebble/basalt/lib/libpebble.a(tmpFRPTsFpebble.o)
 .text.accel_service_set_sampling_rate
                0x0000000000000000        0xc /home/kennedn/.pebble-sdk/SDKs/current/sdk-core/pebble/basalt/lib/libpebble.a(tmpFRPTsFpebble.o)
 .text.accel_tap_service_subscribe
[...]
Memory Configuration

Name             Origin             Length             Attributes
APP              0x0000000000000000 0x0000000000010000 xrw
*default*        0x0000000000000000 0xffffffffffffffff

Linker script and memory map

LOAD /home/kennedn/.pebble-dev/pebble-sdk-4.5-linux64/arm-cs-tools/bin/../lib/gcc/arm-none-eabi/4.7.2/thumb2/crti.o
LOAD /home/kennedn/.pebble-dev/pebble-sdk-4.5-linux64/arm-cs-tools/bin/../lib/gcc/arm-none-eabi/4.7.2/thumb2/crtbegin.o
LOAD src/c/main.c.17.o
LOAD src/c/modules/comm.c.17.o
LOAD src/c/modules/loading_layer.c.17.o
LOAD src/c/windows/main_window.c.17.o
LOAD basalt/appinfo.auto.c.17.o
LOAD basalt/src/resource_ids.auto.c.17.o
LOAD src/message_keys.auto.c.17.o
LOAD /home/kennedn/.pebble-sdk/SDKs/current/sdk-core/pebble/basalt/lib/libpebble.a
LOAD /home/kennedn/.pebble-dev/projects/examples/png-download-example/node_modules/pebble-clay/dist/binaries/basalt/libpebble-clay.a
START GROUP
LOAD /home/kennedn/.pebble-dev/pebble-sdk-4.5-linux64/arm-cs-tools/bin/../lib/gcc/arm-none-eabi/4.7.2/thumb2/libgcc.a
LOAD /home/kennedn/.pebble-dev/pebble-sdk-4.5-linux64/arm-cs-tools/bin/../lib/gcc/arm-none-eabi/4.7.2/../../../../arm-none-eabi/lib/thumb2/libc.a
END GROUP
LOAD /home/kennedn/.pebble-dev/pebble-sdk-4.5-linux64/arm-cs-tools/bin/../lib/gcc/arm-none-eabi/4.7.2/thumb2/crtend.o
LOAD /home/kennedn/.pebble-dev/pebble-sdk-4.5-linux64/arm-cs-tools/bin/../lib/gcc/arm-none-eabi/4.7.2/thumb2/crtn.o

.header         0x0000000000000000       0x82
 *(.pbl_header)
 .pbl_header    0x0000000000000000       0x82 basalt/appinfo.auto.c.17.o
                0x0000000000000000                __pbl_app_info

.note.gnu.build-id
                0x0000000000000082       0x26
                0x0000000000000082                PROVIDE (BUILD_ID, .)
 *(.note.gnu.build-id)
 *fill*         0x0000000000000082        0x2 
 .note.gnu.build-id
                0x0000000000000084       0x24 linker stubs

.text           0x00000000000000a8      0x5ae
 *(.text)
 .text          0x00000000000000a8       0x14 /home/kennedn/.pebble-sdk/SDKs/current/sdk-core/pebble/basalt/lib/libpebble.a(tmpFRPTsFpebble.o)
 *(.text.*)
 .text.startup.main
                0x00000000000000bc       0x16 src/c/main.c.17.o
                0x00000000000000bc                main
 *fill*         0x00000000000000d2        0x2 
 .text.inbox_received_handler
                0x00000000000000d4       0xa4 src/c/modules/comm.c.17.o
 .text.comm_init
                0x0000000000000178       0x1c src/c/modules/comm.c.17.o
                0x0000000000000178                comm_init
 .text.comm_deinit
                0x0000000000000194       0x14 src/c/modules/comm.c.17.o
                0x0000000000000194                comm_deinit
 .text.start_loading_animation
                0x00000000000001a8       0x8c src/c/modules/loading_layer.c.17.o
                0x00000000000001a8                start_loading_animation
 .text.timer_handler
                0x0000000000000234       0x5c src/c/modules/loading_layer.c.17.o
 .text.stop_loading_animation
                0x0000000000000290       0x2c src/c/modules/loading_layer.c.17.o
                0x0000000000000290                stop_loading_animation
 .text.loading_layer_load
                0x00000000000002bc       0x40 src/c/modules/loading_layer.c.17.o
                0x00000000000002bc                loading_layer_load
 .text.loading_layer_unload
                0x00000000000002fc       0x24 src/c/modules/loading_layer.c.17.o
                0x00000000000002fc                loading_layer_unload
 .text.window_unload
                0x0000000000000320       0x30 src/c/windows/main_window.c.17.o
 .text.window_load
                0x0000000000000350       0x58 src/c/windows/main_window.c.17.o
 .text.main_window_push
                0x00000000000003a8       0x58 src/c/windows/main_window.c.17.o
                0x00000000000003a8                main_window_push
 .text.main_window_set_image_data
                0x0000000000000400       0x60 src/c/windows/main_window.c.17.o
                0x0000000000000400                main_window_set_image_data
 .text.app_event_loop
                0x0000000000000460        0xc /home/kennedn/.pebble-sdk/SDKs/current/sdk-core/pebble/basalt/lib/libpebble.a(tmpFRPTsFpebble.o)
                0x0000000000000460                app_event_loop
 .text.app_log  0x000000000000046c        0xc /home/kennedn/.pebble-sdk/SDKs/current/sdk-core/pebble/basalt/lib/libpebble.a(tmpFRPTsFpebble.o)
                0x000000000000046c                app_log
 .text.app_message_open
                0x0000000000000478        0xc /home/kennedn/.pebble-sdk/SDKs/current/sdk-core/pebble/basalt/lib/libpebble.a(tmpFRPTsFpebble.o)
                0x0000000000000478                app_message_open
 .text.app_timer_cancel
                0x0000000000000484        0xc /home/kennedn/.pebble-sdk/SDKs/current/sdk-core/pebble/basalt/lib/libpebble.a(tmpFRPTsFpebble.o)
                0x0000000000000484                app_timer_cancel
 .text.app_timer_register
                0x0000000000000490        0xc /home/kennedn/.pebble-sdk/SDKs/current/sdk-core/pebble/basalt/lib/libpebble.a(tmpFRPTsFpebble.o)
                0x0000000000000490                app_timer_register
 .text.bitmap_layer_create
                0x000000000000049c        0xc /home/kennedn/.pebble-sdk/SDKs/current/sdk-core/pebble/basalt/lib/libpebble.a(tmpFRPTsFpebble.o)
                0x000000000000049c                bitmap_layer_create
 .text.bitmap_layer_destroy
                0x00000000000004a8        0xc /home/kennedn/.pebble-sdk/SDKs/current/sdk-core/pebble/basalt/lib/libpebble.a(tmpFRPTsFpebble.o)
                0x00000000000004a8                bitmap_layer_destroy
 .text.bitmap_layer_get_layer
                0x00000000000004b4        0xc /home/kennedn/.pebble-sdk/SDKs/current/sdk-core/pebble/basalt/lib/libpebble.a(tmpFRPTsFpebble.o)
                0x00000000000004b4                bitmap_layer_get_layer
 .text.bitmap_layer_set_alignment
                0x00000000000004c0        0xc /home/kennedn/.pebble-sdk/SDKs/current/sdk-core/pebble/basalt/lib/libpebble.a(tmpFRPTsFpebble.o)
                0x00000000000004c0                bitmap_layer_set_alignment
 .text.bitmap_layer_set_bitmap
                0x00000000000004cc        0xc /home/kennedn/.pebble-sdk/SDKs/current/sdk-core/pebble/basalt/lib/libpebble.a(tmpFRPTsFpebble.o)
                0x00000000000004cc                bitmap_layer_set_bitmap
 .text.bitmap_layer_set_compositing_mode
                0x00000000000004d8        0xc /home/kennedn/.pebble-sdk/SDKs/current/sdk-core/pebble/basalt/lib/libpebble.a(tmpFRPTsFpebble.o)
                0x00000000000004d8                bitmap_layer_set_compositing_mode
 .text.dict_find
                0x00000000000004e4        0xc /home/kennedn/.pebble-sdk/SDKs/current/sdk-core/pebble/basalt/lib/libpebble.a(tmpFRPTsFpebble.o)
                0x00000000000004e4                dict_find
 .text.free     0x00000000000004f0        0xc /home/kennedn/.pebble-sdk/SDKs/current/sdk-core/pebble/basalt/lib/libpebble.a(tmpFRPTsFpebble.o)
                0x00000000000004f0                free
 .text.gbitmap_destroy
                0x00000000000004fc        0xc /home/kennedn/.pebble-sdk/SDKs/current/sdk-core/pebble/basalt/lib/libpebble.a(tmpFRPTsFpebble.o)
                0x00000000000004fc                gbitmap_destroy
 .text.layer_add_child
                0x0000000000000508        0xc /home/kennedn/.pebble-sdk/SDKs/current/sdk-core/pebble/basalt/lib/libpebble.a(tmpFRPTsFpebble.o)
                0x0000000000000508                layer_add_child
 .text.layer_get_bounds
                0x0000000000000514        0xc /home/kennedn/.pebble-sdk/SDKs/current/sdk-core/pebble/basalt/lib/libpebble.a(tmpFRPTsFpebble.o)
                0x0000000000000514                layer_get_bounds
 .text.layer_mark_dirty
                0x0000000000000520        0xc /home/kennedn/.pebble-sdk/SDKs/current/sdk-core/pebble/basalt/lib/libpebble.a(tmpFRPTsFpebble.o)
                0x0000000000000520                layer_mark_dirty
 .text.layer_set_hidden
                0x000000000000052c        0xc /home/kennedn/.pebble-sdk/SDKs/current/sdk-core/pebble/basalt/lib/libpebble.a(tmpFRPTsFpebble.o)
                0x000000000000052c                layer_set_hidden
 .text.malloc   0x0000000000000538        0xc /home/kennedn/.pebble-sdk/SDKs/current/sdk-core/pebble/basalt/lib/libpebble.a(tmpFRPTsFpebble.o)
                0x0000000000000538                malloc
 .text.memcpy   0x0000000000000544        0xc /home/kennedn/.pebble-sdk/SDKs/current/sdk-core/pebble/basalt/lib/libpebble.a(tmpFRPTsFpebble.o)
                0x0000000000000544                memcpy
 .text.memset   0x0000000000000550        0xc /home/kennedn/.pebble-sdk/SDKs/current/sdk-core/pebble/basalt/lib/libpebble.a(tmpFRPTsFpebble.o)
                0x0000000000000550                memset
 .text.window_create
                0x000000000000055c        0xc /home/kennedn/.pebble-sdk/SDKs/current/sdk-core/pebble/basalt/lib/libpebble.a(tmpFRPTsFpebble.o)
                0x000000000000055c                window_create
 .text.window_destroy
                0x0000000000000568        0xc /home/kennedn/.pebble-sdk/SDKs/current/sdk-core/pebble/basalt/lib/libpebble.a(tmpFRPTsFpebble.o)
                0x0000000000000568                window_destroy
 .text.window_get_root_layer
                0x0000000000000574        0xc /home/kennedn/.pebble-sdk/SDKs/current/sdk-core/pebble/basalt/lib/libpebble.a(tmpFRPTsFpebble.o)
                0x0000000000000574                window_get_root_layer
 .text.window_set_window_handlers
                0x0000000000000580        0xc /home/kennedn/.pebble-sdk/SDKs/current/sdk-core/pebble/basalt/lib/libpebble.a(tmpFRPTsFpebble.o)
                0x0000000000000580                window_set_window_handlers
 .text.window_stack_push
                0x000000000000058c        0xc /home/kennedn/.pebble-sdk/SDKs/current/sdk-core/pebble/basalt/lib/libpebble.a(tmpFRPTsFpebble.o)
                0x000000000000058c                window_stack_push
 .text.app_message_inbox_size_maximum
                0x0000000000000598        0xc /home/kennedn/.pebble-sdk/SDKs/current/sdk-core/pebble/basalt/lib/libpebble.a(tmpFRPTsFpebble.o)
                0x0000000000000598                app_message_inbox_size_maximum
 .text.app_message_register_inbox_received
                0x00000000000005a4        0xc /home/kennedn/.pebble-sdk/SDKs/current/sdk-core/pebble/basalt/lib/libpebble.a(tmpFRPTsFpebble.o)
                0x00000000000005a4                app_message_register_inbox_received
 .text.window_set_background_color
                0x00000000000005b0        0xc /home/kennedn/.pebble-sdk/SDKs/current/sdk-core/pebble/basalt/lib/libpebble.a(tmpFRPTsFpebble.o)
                0x00000000000005b0                window_set_background_color
 .text.gbitmap_create_blank
                0x00000000000005bc        0xc /home/kennedn/.pebble-sdk/SDKs/current/sdk-core/pebble/basalt/lib/libpebble.a(tmpFRPTsFpebble.o)
                0x00000000000005bc                gbitmap_create_blank
 .text.gbitmap_sequence_create_with_resource
                0x00000000000005c8        0xc /home/kennedn/.pebble-sdk/SDKs/current/sdk-core/pebble/basalt/lib/libpebble.a(tmpFRPTsFpebble.o)
                0x00000000000005c8                gbitmap_sequence_create_with_resource
 .text.gbitmap_sequence_destroy
                0x00000000000005d4        0xc /home/kennedn/.pebble-sdk/SDKs/current/sdk-core/pebble/basalt/lib/libpebble.a(tmpFRPTsFpebble.o)
                0x00000000000005d4                gbitmap_sequence_destroy
 .text.gbitmap_sequence_get_bitmap_size
                0x00000000000005e0        0xc /home/kennedn/.pebble-sdk/SDKs/current/sdk-core/pebble/basalt/lib/libpebble.a(tmpFRPTsFpebble.o)
                0x00000000000005e0                gbitmap_sequence_get_bitmap_size
 .text.gbitmap_sequence_update_bitmap_next_frame
                0x00000000000005ec        0xc /home/kennedn/.pebble-sdk/SDKs/current/sdk-core/pebble/basalt/lib/libpebble.a(tmpFRPTsFpebble.o)
                0x00000000000005ec                gbitmap_sequence_update_bitmap_next_frame
 .text.gbitmap_create_from_png_data
                0x00000000000005f8        0xc /home/kennedn/.pebble-sdk/SDKs/current/sdk-core/pebble/basalt/lib/libpebble.a(tmpFRPTsFpebble.o)
                0x00000000000005f8                gbitmap_create_from_png_data
 *(.rodata)
 .rodata        0x0000000000000604        0x8 src/c/windows/main_window.c.17.o
 *(.rodata*)
 .rodata.str1.1
                0x000000000000060c       0x16 src/c/modules/comm.c.17.o
 .rodata.str1.1
                0x0000000000000622       0x34 src/c/windows/main_window.c.17.o

.glue_7         0x0000000000000658        0x0
 .glue_7        0x0000000000000000        0x0 linker stubs

.glue_7t        0x0000000000000658        0x0
 .glue_7t       0x0000000000000000        0x0 linker stubs

.vfp11_veneer   0x0000000000000658        0x0
 .vfp11_veneer  0x0000000000000000        0x0 linker stubs

.v4_bx          0x0000000000000658        0x0
 .v4_bx         0x0000000000000000        0x0 linker stubs

.iplt           0x0000000000000658        0x0
 .iplt          0x0000000000000000        0x0 /home/kennedn/.pebble-dev/pebble-sdk-4.5-linux64/arm-cs-tools/bin/../lib/gcc/arm-none-eabi/4.7.2/thumb2/crtbegin.o

.rel.dyn        0x0000000000000658        0x0
 .rel.iplt      0x0000000000000000        0x0 /home/kennedn/.pebble-dev/pebble-sdk-4.5-linux64/arm-cs-tools/bin/../lib/gcc/arm-none-eabi/4.7.2/thumb2/crtbegin.o

.data           0x0000000000000658        0x4
 *(.data)
 .data          0x0000000000000658        0x0 /home/kennedn/.pebble-dev/pebble-sdk-4.5-linux64/arm-cs-tools/bin/../lib/gcc/arm-none-eabi/4.7.2/thumb2/crti.o
 .data          0x0000000000000658        0x4 /home/kennedn/.pebble-dev/pebble-sdk-4.5-linux64/arm-cs-tools/bin/../lib/gcc/arm-none-eabi/4.7.2/thumb2/crtbegin.o
                0x0000000000000658                __dso_handle
 .data          0x000000000000065c        0x0 src/c/main.c.17.o
 .data          0x000000000000065c        0x0 src/c/modules/comm.c.17.o
 .data          0x000000000000065c        0x0 src/c/modules/loading_layer.c.17.o
 .data          0x000000000000065c        0x0 src/c/windows/main_window.c.17.o
 .data          0x000000000000065c        0x0 basalt/appinfo.auto.c.17.o
 .data          0x000000000000065c        0x0 basalt/src/resource_ids.auto.c.17.o
 .data          0x000000000000065c        0x0 src/message_keys.auto.c.17.o
 .data          0x000000000000065c        0x0 /home/kennedn/.pebble-sdk/SDKs/current/sdk-core/pebble/basalt/lib/libpebble.a(tmpFRPTsFpebble.o)
 .data          0x000000000000065c        0x0 /home/kennedn/.pebble-dev/pebble-sdk-4.5-linux64/arm-cs-tools/bin/../lib/gcc/arm-none-eabi/4.7.2/thumb2/crtend.o
 .data          0x000000000000065c        0x0 /home/kennedn/.pebble-dev/pebble-sdk-4.5-linux64/arm-cs-tools/bin/../lib/gcc/arm-none-eabi/4.7.2/thumb2/crtn.o
 *(.data.*)

.igot.plt       0x000000000000065c        0x0
 .igot.plt      0x0000000000000000        0x0 /home/kennedn/.pebble-dev/pebble-sdk-4.5-linux64/arm-cs-tools/bin/../lib/gcc/arm-none-eabi/4.7.2/thumb2/crtbegin.o

.bss            0x000000000000065c       0x24
 *(.bss)
 *(.bss.*)
 .bss.s_img_data
                0x000000000000065c        0x4 src/c/modules/comm.c.17.o
 .bss.s_img_size
                0x0000000000000660        0x4 src/c/modules/comm.c.17.o
 .bss.loading_bitmap_layer
                0x0000000000000664        0x4 src/c/modules/loading_layer.c.17.o
 .bss.loading_bitmap
                0x0000000000000668        0x4 src/c/modules/loading_layer.c.17.o
 .bss.loading_sequence
                0x000000000000066c        0x4 src/c/modules/loading_layer.c.17.o
 .bss.loading_timer
                0x0000000000000670        0x4 src/c/modules/loading_layer.c.17.o
 .bss.s_window  0x0000000000000674        0x4 src/c/windows/main_window.c.17.o
 .bss.s_bitmap  0x0000000000000678        0x4 src/c/windows/main_window.c.17.o
 .bss.s_bitmap_layer
                0x000000000000067c        0x4 src/c/windows/main_window.c.17.o

DISCARD
 libc.a(*)
 libm.a(*)
 libgcc.a(*)
 *(.eh_frame)
OUTPUT(/home/kennedn/.pebble-dev/projects/examples/png-download-example/build/basalt/pebble-app.elf elf32-littlearm)

.ARM.attributes
                0x0000000000000000       0x27
 .ARM.attributes
                0x0000000000000000       0x19 /home/kennedn/.pebble-dev/pebble-sdk-4.5-linux64/arm-cs-tools/bin/../lib/gcc/arm-none-eabi/4.7.2/thumb2/crti.o
 .ARM.attributes
                0x0000000000000019       0x29 /home/kennedn/.pebble-dev/pebble-sdk-4.5-linux64/arm-cs-tools/bin/../lib/gcc/arm-none-eabi/4.7.2/thumb2/crtbegin.o
 .ARM.attributes
                0x0000000000000042       0x33 src/c/main.c.17.o
 .ARM.attributes
                0x0000000000000075       0x33 src/c/modules/comm.c.17.o
 .ARM.attributes
                0x00000000000000a8       0x33 src/c/modules/loading_layer.c.17.o
 .ARM.attributes
                0x00000000000000db       0x33 src/c/windows/main_window.c.17.o
 .ARM.attributes
                0x000000000000010e       0x33 basalt/appinfo.auto.c.17.o
 .ARM.attributes
                0x0000000000000141       0x33 basalt/src/resource_ids.auto.c.17.o
 .ARM.attributes
                0x0000000000000174       0x33 src/message_keys.auto.c.17.o
 .ARM.attributes
                0x00000000000001a7       0x21 /home/kennedn/.pebble-sdk/SDKs/current/sdk-core/pebble/basalt/lib/libpebble.a(tmpFRPTsFpebble.o)
 .ARM.attributes
                0x00000000000001c8       0x29 /home/kennedn/.pebble-dev/pebble-sdk-4.5-linux64/arm-cs-tools/bin/../lib/gcc/arm-none-eabi/4.7.2/thumb2/crtend.o
 .ARM.attributes
                0x00000000000001f1       0x19 /home/kennedn/.pebble-dev/pebble-sdk-4.5-linux64/arm-cs-tools/bin/../lib/gcc/arm-none-eabi/4.7.2/thumb2/crtn.o

.comment        0x0000000000000000       0x4e
 .comment       0x0000000000000000       0x4e /home/kennedn/.pebble-dev/pebble-sdk-4.5-linux64/arm-cs-tools/bin/../lib/gcc/arm-none-eabi/4.7.2/thumb2/crtbegin.o
                                         0x4f (size before relaxing)
 .comment       0x0000000000000000       0x4f src/c/main.c.17.o
 .comment       0x0000000000000000       0x4f src/c/modules/comm.c.17.o
 .comment       0x0000000000000000       0x4f src/c/modules/loading_layer.c.17.o
 .comment       0x0000000000000000       0x4f src/c/windows/main_window.c.17.o
 .comment       0x0000000000000000       0x4f basalt/appinfo.auto.c.17.o
 .comment       0x0000000000000000       0x4f basalt/src/resource_ids.auto.c.17.o
 .comment       0x0000000000000000       0x4f src/message_keys.auto.c.17.o
 .comment       0x0000000000000000       0x4f /home/kennedn/.pebble-dev/pebble-sdk-4.5-linux64/arm-cs-tools/bin/../lib/gcc/arm-none-eabi/4.7.2/thumb2/crtend.o

.debug_info     0x0000000000000000     0x1aad
 .debug_info    0x0000000000000000      0x137 src/c/main.c.17.o
 .debug_info    0x0000000000000137      0x670 src/c/modules/comm.c.17.o
 .debug_info    0x00000000000007a7      0x6f4 src/c/modules/loading_layer.c.17.o
 .debug_info    0x0000000000000e9b      0x76d src/c/windows/main_window.c.17.o
 .debug_info    0x0000000000001608      0x349 basalt/appinfo.auto.c.17.o
 .debug_info    0x0000000000001951       0x81 basalt/src/resource_ids.auto.c.17.o
 .debug_info    0x00000000000019d2       0xdb src/message_keys.auto.c.17.o

.debug_abbrev   0x0000000000000000      0x837
 .debug_abbrev  0x0000000000000000       0x96 src/c/main.c.17.o
 .debug_abbrev  0x0000000000000096      0x27b src/c/modules/comm.c.17.o
 .debug_abbrev  0x0000000000000311      0x1c3 src/c/modules/loading_layer.c.17.o
 .debug_abbrev  0x00000000000004d4      0x23d src/c/windows/main_window.c.17.o
 .debug_abbrev  0x0000000000000711       0x9e basalt/appinfo.auto.c.17.o
 .debug_abbrev  0x00000000000007af       0x44 basalt/src/resource_ids.auto.c.17.o
 .debug_abbrev  0x00000000000007f3       0x44 src/message_keys.auto.c.17.o

.debug_loc      0x0000000000000000      0x388
 .debug_loc     0x0000000000000000       0x20 src/c/main.c.17.o
 .debug_loc     0x0000000000000020      0x11b src/c/modules/comm.c.17.o
 .debug_loc     0x000000000000013b      0x10a src/c/modules/loading_layer.c.17.o
 .debug_loc     0x0000000000000245      0x143 src/c/windows/main_window.c.17.o

.debug_aranges  0x0000000000000000      0x110
 .debug_aranges
                0x0000000000000000       0x20 src/c/main.c.17.o
 .debug_aranges
                0x0000000000000020       0x30 src/c/modules/comm.c.17.o
 .debug_aranges
                0x0000000000000050       0x40 src/c/modules/loading_layer.c.17.o
 .debug_aranges
                0x0000000000000090       0x38 src/c/windows/main_window.c.17.o
 .debug_aranges
                0x00000000000000c8       0x18 basalt/appinfo.auto.c.17.o
 .debug_aranges
                0x00000000000000e0       0x18 basalt/src/resource_ids.auto.c.17.o
 .debug_aranges
                0x00000000000000f8       0x18 src/message_keys.auto.c.17.o

.debug_ranges   0x0000000000000000       0x88
 .debug_ranges  0x0000000000000000       0x10 src/c/main.c.17.o
 .debug_ranges  0x0000000000000010       0x20 src/c/modules/comm.c.17.o
 .debug_ranges  0x0000000000000030       0x30 src/c/modules/loading_layer.c.17.o
 .debug_ranges  0x0000000000000060       0x28 src/c/windows/main_window.c.17.o

.debug_line     0x0000000000000000      0xa71
 .debug_line    0x0000000000000000      0x15e src/c/main.c.17.o
 .debug_line    0x000000000000015e      0x253 src/c/modules/comm.c.17.o
 .debug_line    0x00000000000003b1      0x1a4 src/c/modules/loading_layer.c.17.o
 .debug_line    0x0000000000000555      0x263 src/c/windows/main_window.c.17.o
 .debug_line    0x00000000000007b8      0x124 basalt/appinfo.auto.c.17.o
 .debug_line    0x00000000000008dc       0xce basalt/src/resource_ids.auto.c.17.o
 .debug_line    0x00000000000009aa       0xc7 src/message_keys.auto.c.17.o

.debug_str      0x0000000000000000      0xe6c
 .debug_str     0x0000000000000000       0xfd src/c/main.c.17.o
                                        0x142 (size before relaxing)
 .debug_str     0x00000000000000fd      0x3e6 src/c/modules/comm.c.17.o
                                        0x56c (size before relaxing)
 .debug_str     0x00000000000004e3      0x450 src/c/modules/loading_layer.c.17.o
                                        0x56b (size before relaxing)
 .debug_str     0x0000000000000933      0x14e src/c/windows/main_window.c.17.o
                                        0x4a5 (size before relaxing)
 .debug_str     0x0000000000000a81      0x2f9 basalt/appinfo.auto.c.17.o
                                        0x3f8 (size before relaxing)
 .debug_str     0x0000000000000d7a       0x3d basalt/src/resource_ids.auto.c.17.o
                                        0x11d (size before relaxing)
 .debug_str     0x0000000000000db7       0xb5 src/message_keys.auto.c.17.o
                                        0x195 (size before relaxing)

.debug_frame    0x0000000000000000      0x1a0
 .debug_frame   0x0000000000000000       0x28 src/c/main.c.17.o
 .debug_frame   0x0000000000000028       0x54 src/c/modules/comm.c.17.o
 .debug_frame   0x000000000000007c       0xa0 src/c/modules/loading_layer.c.17.o
 .debug_frame   0x000000000000011c       0x84 src/c/windows/main_window.c.17.o
